tm_stm32_dma2d_graphic.c:60:13:DMA2D_Convert565ToARGB8888	16	static
tm_stm32_dma2d_graphic.c:66:22:DrawPixel	16	static
tm_stm32_dma2d_graphic.c:76:6:TM_DMA2DGRAPHIC_Init	16	static
tm_stm32_dma2d_graphic.c:100:6:TM_DMA2DGRAPHIC_SetLayer	16	static
tm_stm32_dma2d_graphic.c:106:6:TM_DMA2DGRAPHIC_DrawPixel	16	static
tm_stm32_dma2d_graphic.c:118:10:TM_DMA2DGRAPHIC_GetPixel	16	static
tm_stm32_dma2d_graphic.c:131:6:TM_DMA2DGRAPHIC_SetOrientation	16	static
tm_stm32_dma2d_graphic.c:152:6:TM_DMA2DGRAPHIC_Fill	24	static
tm_stm32_dma2d_graphic.c:171:6:TM_DMA2DGRAPHIC_DrawFilledRectangle	24	static
tm_stm32_dma2d_graphic.c:216:6:TM_DMA2DGRAPHIC_DrawRectangle	24	static
tm_stm32_dma2d_graphic.c:226:6:TM_DMA2DGRAPHIC_DrawRoundedRectangle	32	static
tm_stm32_dma2d_graphic.c:269:6:TM_DMA2DGRAPHIC_DrawFilledRoundedRectangle	32	static
tm_stm32_dma2d_graphic.c:307:6:TM_DMA2DGRAPHIC_DrawVerticalLine	32	static
tm_stm32_dma2d_graphic.c:356:6:TM_DMA2DGRAPHIC_DrawHorizontalLine	32	static
tm_stm32_dma2d_graphic.c:406:6:TM_DMA2DGRAPHIC_DrawLine	56	static
tm_stm32_dma2d_graphic.c:461:6:TM_DMA2DGRAPHIC_DrawPolyLine	48	static
tm_stm32_dma2d_graphic.c:472:6:TM_DMA2DGRAPHIC_DrawCircle	40	static
tm_stm32_dma2d_graphic.c:506:6:TM_DMA2DGRAPHIC_DrawFilledCircle	40	static
tm_stm32_dma2d_graphic.c:537:6:TM_DMA2DGRAPHIC_DrawTriangle	32	static
tm_stm32_dma2d_graphic.c:545:6:TM_DMA2DGRAPHIC_DrawFilledTriangle	64	static
tm_stm32_dma2d_graphic.c:601:6:TM_DMA2DGRAPHIC_CopyBuffer	32	static
tm_stm32_dma2d_graphic.c:610:6:TM_DMA2DGRAPHIC_CopyBufferIT	24	static
tm_stm32_dma2d_graphic.c:637:6:TM_INT_DMA2DGRAPHIC_SetConf	16	static
tm_stm32_dma2d_graphic.c:653:6:TM_INT_DMA2DGRAPHIC_InitAndTransfer	16	static
tm_stm32_dma2d_graphic.c:675:6:TM_INT_DMA2DGRAPHIC_SetMemory	24	static
tm_stm32_dma2d_graphic.c:683:6:TM_INT_DMA2DGRAPHIC_DrawCircleCorner	40	static
tm_stm32_dma2d_graphic.c:722:6:TM_INT_DMA2DGRAPHIC_DrawFilledCircleCorner	48	static
