tm_stm32_spi.h:404:25:TM_SPI_Send	16	static
tm_stm32_nrf24l01.c:218:6:TM_NRF24L01_InitPins	16	static
tm_stm32_nrf24l01.c:233:9:TM_NRF24L01_Init	16	static
tm_stm32_nrf24l01.c:297:6:TM_NRF24L01_SetMyAddress	16	static
tm_stm32_nrf24l01.c:303:6:TM_NRF24L01_SetTxAddress	16	static
tm_stm32_nrf24l01.c:308:6:TM_NRF24L01_WriteBit	24	static
tm_stm32_nrf24l01.c:322:9:TM_NRF24L01_ReadBit	24	static
tm_stm32_nrf24l01.c:331:9:TM_NRF24L01_ReadRegister	24	static
tm_stm32_nrf24l01.c:341:6:TM_NRF24L01_ReadRegisterMulti	16	static
tm_stm32_nrf24l01.c:348:6:TM_NRF24L01_WriteRegister	16	static
tm_stm32_nrf24l01.c:355:6:TM_NRF24L01_WriteRegisterMulti	16	static
tm_stm32_nrf24l01.c:362:6:TM_NRF24L01_PowerUpTx	8	static
tm_stm32_nrf24l01.c:367:6:TM_NRF24L01_PowerUpRx	8	static
tm_stm32_nrf24l01.c:380:6:TM_NRF24L01_PowerDown	8	static
tm_stm32_nrf24l01.c:385:6:TM_NRF24L01_Transmit	24	static
tm_stm32_nrf24l01.c:410:6:TM_NRF24L01_GetData	16	static
tm_stm32_nrf24l01.c:424:9:TM_NRF24L01_DataReady	16	static
tm_stm32_nrf24l01.c:433:9:TM_NRF24L01_RxFifoEmpty	16	static
tm_stm32_nrf24l01.c:438:9:TM_NRF24L01_GetStatus	16	static
tm_stm32_nrf24l01.c:450:31:TM_NRF24L01_GetTransmissionStatus	16	static
tm_stm32_nrf24l01.c:464:6:TM_NRF24L01_SoftwareReset	16	static
tm_stm32_nrf24l01.c:518:9:TM_NRF24L01_GetRetransmissionsCount	8	static
tm_stm32_nrf24l01.c:523:6:TM_NRF24L01_SetChannel	16	static
tm_stm32_nrf24l01.c:532:6:TM_NRF24L01_SetRF	24	static
tm_stm32_nrf24l01.c:555:9:TM_NRF24L01_Read_Interrupts	16	static
tm_stm32_nrf24l01.c:560:6:TM_NRF24L01_Clear_Interrupts	8	static
