core_cm4.h:1939:34:__NVIC_SystemReset	4	static,ignoring_inline_asm
tm_stm32_general.c:33:17:x_na_y	24	static
tm_stm32_general.c:45:6:TM_GENERAL_DisableInterrupts	4	static,ignoring_inline_asm
tm_stm32_general.c:53:9:TM_GENERAL_EnableInterrupts	4	static,ignoring_inline_asm
tm_stm32_general.c:69:6:TM_GENERAL_SystemReset	8	static
tm_stm32_general.c:77:10:TM_GENERAL_GetClockSpeed	24	static
tm_stm32_general.c:108:26:TM_GENERAL_GetResetSource	24	static
tm_stm32_general.c:146:9:TM_GENERAL_DWTCounterEnable	16	static,ignoring_inline_asm
tm_stm32_general.c:183:6:TM_GENERAL_ConvertFloat	32	static
tm_stm32_general.c:200:7:TM_GENERAL_RoundFloat	24	static
tm_stm32_general.c:222:10:TM_GENERAL_NextPowerOf2	16	static
tm_stm32_general.c:241:6:TM_GENERAL_ForceHardFaultError	16	static
tm_stm32_general.c:250:13:TM_GENERAL_SystemResetCallback	4	static
