tm_stm32_delay.h:184:22:Delay	24	static
tm_stm32_onewire.c:28:6:TM_OneWire_Init	32	static
tm_stm32_onewire.c:40:9:TM_OneWire_Reset	24	static
tm_stm32_onewire.c:62:6:TM_OneWire_WriteBit	16	static
tm_stm32_onewire.c:90:9:TM_OneWire_ReadBit	24	static
tm_stm32_onewire.c:115:6:TM_OneWire_WriteByte	24	static
tm_stm32_onewire.c:125:9:TM_OneWire_ReadByte	24	static
tm_stm32_onewire.c:135:9:TM_OneWire_First	16	static
tm_stm32_onewire.c:143:9:TM_OneWire_Next	16	static
tm_stm32_onewire.c:148:6:TM_OneWire_ResetSearch	16	static
tm_stm32_onewire.c:155:9:TM_OneWire_Search	24	static
tm_stm32_onewire.c:264:5:TM_OneWire_Verify	48	static
tm_stm32_onewire.c:304:6:TM_OneWire_TargetSetup	24	static
tm_stm32_onewire.c:318:6:TM_OneWire_FamilySkipSetup	16	static
tm_stm32_onewire.c:329:9:TM_OneWire_GetROM	16	static
tm_stm32_onewire.c:333:6:TM_OneWire_Select	24	static
tm_stm32_onewire.c:342:6:TM_OneWire_SelectWithPointer	24	static
tm_stm32_onewire.c:351:6:TM_OneWire_GetFullROM	24	static
tm_stm32_onewire.c:358:9:TM_OneWire_CRC8	24	static
