tm_stm32_spi.h:404:25:TM_SPI_Send	16	static
tm_stm32_lcd.c:118:17:TM_LCD_Init	32	static
tm_stm32_lcd.c:185:17:TM_LCD_Fill	16	static
tm_stm32_lcd.c:193:17:TM_LCD_SetOrientation	16	static
tm_stm32_lcd.c:221:17:TM_LCD_DisplayOn	8	static
tm_stm32_lcd.c:239:17:TM_LCD_DisplayOff	8	static
tm_stm32_lcd.c:257:17:TM_LCD_SetXY	16	static
tm_stm32_lcd.c:272:10:TM_LCD_GetCurrentX	4	static
tm_stm32_lcd.c:277:10:TM_LCD_GetCurrentY	4	static
tm_stm32_lcd.c:282:17:TM_LCD_SetFont	16	static
tm_stm32_lcd.c:290:12:TM_LCD_GetFont	4	static
tm_stm32_lcd.c:295:17:TM_LCD_SetColors	16	static
tm_stm32_lcd.c:304:17:TM_LCD_Putc	32	static
tm_stm32_lcd.c:347:17:TM_LCD_DrawPixel	16	static
tm_stm32_lcd.c:355:10:TM_LCD_GetPixel	16	static
tm_stm32_lcd.c:360:17:TM_LCD_Puts	16	static
tm_stm32_lcd.c:377:17:TM_LCD_SetLayer1	8	static
tm_stm32_lcd.c:390:17:TM_LCD_SetLayer2	8	static
tm_stm32_lcd.c:402:17:TM_LCD_SetLayer1Opacity	16	static
tm_stm32_lcd.c:410:17:TM_LCD_SetLayer2Opacity	16	static
tm_stm32_lcd.c:418:17:TM_LCD_ChangeLayers	8	static
tm_stm32_lcd.c:434:17:TM_LCD_Layer2To1	24	static
tm_stm32_lcd.c:449:17:TM_LCD_Layer1To2	24	static
tm_stm32_lcd.c:464:17:TM_LCD_DrawLine	32	static
tm_stm32_lcd.c:473:17:TM_LCD_DrawRectangle	32	static
tm_stm32_lcd.c:481:17:TM_LCD_DrawRoundedRectangle	32	static
tm_stm32_lcd.c:495:17:TM_LCD_DrawFilledRoundedRectangle	32	static
tm_stm32_lcd.c:503:17:TM_LCD_DrawFilledRectangle	32	static
tm_stm32_lcd.c:511:17:TM_LCD_DrawCircle	24	static
tm_stm32_lcd.c:519:17:TM_LCD_DrawFilledCircle	24	static
tm_stm32_lcd.c:528:10:TM_LCD_GetWidth	4	static
tm_stm32_lcd.c:532:10:TM_LCD_GetHeight	4	static
tm_stm32_lcd.c:536:10:TM_LCD_GetFrameBuffer	4	static
tm_stm32_lcd.c:540:9:TM_LCD_GetOrientation	4	static
tm_stm32_lcd.c:545:13:TM_LCD_INT_InitLTDC	64	static
tm_stm32_lcd.c:597:13:TM_LCD_INT_InitLayers	112	static
tm_stm32_lcd.c:664:13:TM_ILI9341_SendCommand	16	static
tm_stm32_lcd.c:671:13:TM_ILI9341_SendData	16	static
tm_stm32_lcd.c:678:13:TM_ILI9341_Delay	16	static
tm_stm32_lcd.c:683:13:TM_LCD_INT_InitLCD	8	static
tm_stm32_lcd.c:810:13:TM_LCD_INT_InitPins	16	static
tm_stm32_lcd.c:844:6:LTDC_IRQHandler	8	static
